MPLINK 4.49, Linker
Linker Map File - Created Tue Mar 29 08:45:18 2016

                                 Section Info
                  Section       Type    Address   Location Size(Bytes)
                ---------  ---------  ---------  ---------  ---------
                VEC_RESET       code   0x000000    program   0x000006
                  VEC_INT       code   0x000004    program   0x000006
                   .cinit    romdata   0x000007    program   0x000004
                    .code       code   0x000009    program   0x000240
.config_2007_PROGRAMA04.O       code   0x002007    program   0x000002
.config_2008_PROGRAMA04.O       code   0x002008    program   0x000002
                   .udata      udata   0x000020       data   0x000008



                              Program Memory Usage 
                               Start         End      
                           ---------   ---------      
                            0x000000    0x000002      
                            0x000004    0x000128      
                            0x002007    0x002008      
            298 out of 8455 program addresses used, program memory utilization is 3%



                              Symbols - Sorted by Name
                     Name    Address   Location    Storage File                     
                ---------  ---------  ---------  --------- ---------                
                  DISPLAY   0x000009    program     extern C:\Users\Andres\Desktop\programa4 - copia\display.asm
                  HEX2BCD   0x0000df    program     extern C:\Users\Andres\Desktop\El resto\programa 04\hex2bsd.asm
                   INICIO   0x00005f    program     static C:\Users\Andres\Desktop\programa4 - copia\programa04.asm
             INTERRUPCION   0x0000c0    program     static C:\Users\Andres\Desktop\programa4 - copia\programa04.asm
                    Paso3   0x000121    program     static C:\Users\Andres\Desktop\El resto\programa 04\hex2bsd.asm
                   Paso_2   0x0000e6    program     static C:\Users\Andres\Desktop\El resto\programa 04\hex2bsd.asm
                   SALIDA   0x0000d8    program     static C:\Users\Andres\Desktop\programa4 - copia\programa04.asm
                Siguiente   0x00000f    program     static C:\Users\Andres\Desktop\programa4 - copia\display.asm
                    Tabla   0x00004d    program     static C:\Users\Andres\Desktop\programa4 - copia\display.asm
              _.code_0009   0x000012    program     static C:\Users\Andres\Desktop\programa4 - copia\display.asm
              _.code_000A   0x0000e9    program     static C:\Users\Andres\Desktop\El resto\programa 04\hex2bsd.asm
              _.code_000B   0x0000ea    program     static C:\Users\Andres\Desktop\El resto\programa 04\hex2bsd.asm
              _.code_000C   0x000015    program     static C:\Users\Andres\Desktop\programa4 - copia\display.asm
              _.code_000D   0x0000ec    program     static C:\Users\Andres\Desktop\El resto\programa 04\hex2bsd.asm
              _.code_0021   0x000100    program     static C:\Users\Andres\Desktop\El resto\programa 04\hex2bsd.asm
              _.code_0022   0x000101    program     static C:\Users\Andres\Desktop\El resto\programa 04\hex2bsd.asm
              _.code_0023   0x00002c    program     static C:\Users\Andres\Desktop\programa4 - copia\display.asm
              _.code_0024   0x000103    program     static C:\Users\Andres\Desktop\El resto\programa 04\hex2bsd.asm
              _.code_0025   0x00002e    program     static C:\Users\Andres\Desktop\programa4 - copia\display.asm
              _.code_0029   0x000108    program     static C:\Users\Andres\Desktop\El resto\programa 04\hex2bsd.asm
              _.code_002A   0x000109    program     static C:\Users\Andres\Desktop\El resto\programa 04\hex2bsd.asm
              _.code_002C   0x00010b    program     static C:\Users\Andres\Desktop\El resto\programa 04\hex2bsd.asm
              _.code_0030   0x00010f    program     static C:\Users\Andres\Desktop\El resto\programa 04\hex2bsd.asm
              _.code_0031   0x000110    program     static C:\Users\Andres\Desktop\El resto\programa 04\hex2bsd.asm
              _.code_0033   0x000112    program     static C:\Users\Andres\Desktop\El resto\programa 04\hex2bsd.asm
              _.code_0036   0x00003f    program     static C:\Users\Andres\Desktop\programa4 - copia\display.asm
              _.code_0038   0x000041    program     static C:\Users\Andres\Desktop\programa4 - copia\display.asm
              _.code_003C   0x00011b    program     static C:\Users\Andres\Desktop\El resto\programa 04\hex2bsd.asm
              _.code_003D   0x00011c    program     static C:\Users\Andres\Desktop\El resto\programa 04\hex2bsd.asm
              _.code_003F   0x00011e    program     static C:\Users\Andres\Desktop\El resto\programa 04\hex2bsd.asm
              _.code_0046   0x000125    program     static C:\Users\Andres\Desktop\El resto\programa 04\hex2bsd.asm
              _.code_006B   0x0000ca    program     static C:\Users\Andres\Desktop\programa4 - copia\programa04.asm
                    bucle   0x000099    program     static C:\Users\Andres\Desktop\programa4 - copia\programa04.asm
            ___savePCLATH   0x000024       data     static C:\Users\Andres\Desktop\programa4 - copia\programa04.asm
            ___saveSTATUS   0x000023       data     static C:\Users\Andres\Desktop\programa4 - copia\programa04.asm
                 ___saveW   0x000025       data     static C:\Users\Andres\Desktop\programa4 - copia\programa04.asm
                 auxiliar   0x000026       data     static C:\Users\Andres\Desktop\programa4 - copia\programa04.asm
                  barrido   0x000022       data     static C:\Users\Andres\Desktop\programa4 - copia\display.asm
                 contador   0x000027       data     static C:\Users\Andres\Desktop\El resto\programa 04\hex2bsd.asm
                   digito   0x000021       data     static C:\Users\Andres\Desktop\programa4 - copia\display.asm
                   indice   0x000020       data     static C:\Users\Andres\Desktop\programa4 - copia\display.asm



                              Symbols - Sorted by Address
                     Name    Address   Location    Storage File                     
                ---------  ---------  ---------  --------- ---------                
                  DISPLAY   0x000009    program     extern C:\Users\Andres\Desktop\programa4 - copia\display.asm
                Siguiente   0x00000f    program     static C:\Users\Andres\Desktop\programa4 - copia\display.asm
              _.code_0009   0x000012    program     static C:\Users\Andres\Desktop\programa4 - copia\display.asm
              _.code_000C   0x000015    program     static C:\Users\Andres\Desktop\programa4 - copia\display.asm
              _.code_0023   0x00002c    program     static C:\Users\Andres\Desktop\programa4 - copia\display.asm
              _.code_0025   0x00002e    program     static C:\Users\Andres\Desktop\programa4 - copia\display.asm
              _.code_0036   0x00003f    program     static C:\Users\Andres\Desktop\programa4 - copia\display.asm
              _.code_0038   0x000041    program     static C:\Users\Andres\Desktop\programa4 - copia\display.asm
                    Tabla   0x00004d    program     static C:\Users\Andres\Desktop\programa4 - copia\display.asm
                   INICIO   0x00005f    program     static C:\Users\Andres\Desktop\programa4 - copia\programa04.asm
                    bucle   0x000099    program     static C:\Users\Andres\Desktop\programa4 - copia\programa04.asm
             INTERRUPCION   0x0000c0    program     static C:\Users\Andres\Desktop\programa4 - copia\programa04.asm
              _.code_006B   0x0000ca    program     static C:\Users\Andres\Desktop\programa4 - copia\programa04.asm
                   SALIDA   0x0000d8    program     static C:\Users\Andres\Desktop\programa4 - copia\programa04.asm
                  HEX2BCD   0x0000df    program     extern C:\Users\Andres\Desktop\El resto\programa 04\hex2bsd.asm
                   Paso_2   0x0000e6    program     static C:\Users\Andres\Desktop\El resto\programa 04\hex2bsd.asm
              _.code_000A   0x0000e9    program     static C:\Users\Andres\Desktop\El resto\programa 04\hex2bsd.asm
              _.code_000B   0x0000ea    program     static C:\Users\Andres\Desktop\El resto\programa 04\hex2bsd.asm
              _.code_000D   0x0000ec    program     static C:\Users\Andres\Desktop\El resto\programa 04\hex2bsd.asm
              _.code_0021   0x000100    program     static C:\Users\Andres\Desktop\El resto\programa 04\hex2bsd.asm
              _.code_0022   0x000101    program     static C:\Users\Andres\Desktop\El resto\programa 04\hex2bsd.asm
              _.code_0024   0x000103    program     static C:\Users\Andres\Desktop\El resto\programa 04\hex2bsd.asm
              _.code_0029   0x000108    program     static C:\Users\Andres\Desktop\El resto\programa 04\hex2bsd.asm
              _.code_002A   0x000109    program     static C:\Users\Andres\Desktop\El resto\programa 04\hex2bsd.asm
              _.code_002C   0x00010b    program     static C:\Users\Andres\Desktop\El resto\programa 04\hex2bsd.asm
              _.code_0030   0x00010f    program     static C:\Users\Andres\Desktop\El resto\programa 04\hex2bsd.asm
              _.code_0031   0x000110    program     static C:\Users\Andres\Desktop\El resto\programa 04\hex2bsd.asm
              _.code_0033   0x000112    program     static C:\Users\Andres\Desktop\El resto\programa 04\hex2bsd.asm
              _.code_003C   0x00011b    program     static C:\Users\Andres\Desktop\El resto\programa 04\hex2bsd.asm
              _.code_003D   0x00011c    program     static C:\Users\Andres\Desktop\El resto\programa 04\hex2bsd.asm
              _.code_003F   0x00011e    program     static C:\Users\Andres\Desktop\El resto\programa 04\hex2bsd.asm
                    Paso3   0x000121    program     static C:\Users\Andres\Desktop\El resto\programa 04\hex2bsd.asm
              _.code_0046   0x000125    program     static C:\Users\Andres\Desktop\El resto\programa 04\hex2bsd.asm
                   indice   0x000020       data     static C:\Users\Andres\Desktop\programa4 - copia\display.asm
                   digito   0x000021       data     static C:\Users\Andres\Desktop\programa4 - copia\display.asm
                  barrido   0x000022       data     static C:\Users\Andres\Desktop\programa4 - copia\display.asm
            ___saveSTATUS   0x000023       data     static C:\Users\Andres\Desktop\programa4 - copia\programa04.asm
            ___savePCLATH   0x000024       data     static C:\Users\Andres\Desktop\programa4 - copia\programa04.asm
                 ___saveW   0x000025       data     static C:\Users\Andres\Desktop\programa4 - copia\programa04.asm
                 auxiliar   0x000026       data     static C:\Users\Andres\Desktop\programa4 - copia\programa04.asm
                 contador   0x000027       data     static C:\Users\Andres\Desktop\El resto\programa 04\hex2bsd.asm


