MPLINK 4.49, Linker
Linker Map File - Created Sun Mar 27 21:07:44 2016

                                 Section Info
                  Section       Type    Address   Location Size(Bytes)
                ---------  ---------  ---------  ---------  ---------
                VEC_RESET       code   0x000000    program   0x000006
                  VEC_INT       code   0x000004    program   0x000006
                   .cinit    romdata   0x000007    program   0x000004
                    .code       code   0x000009    program   0x0002a2
.config_2007_PROGRAMA 05.O       code   0x002007    program   0x000002
.config_2008_PROGRAMA 05.O       code   0x002008    program   0x000002
                   .udata      udata   0x000020       data   0x00000b



                              Program Memory Usage 
                               Start         End      
                           ---------   ---------      
                            0x000000    0x000002      
                            0x000004    0x000159      
                            0x002007    0x002008      
            347 out of 8455 program addresses used, program memory utilization is 4%



                              Symbols - Sorted by Name
                     Name    Address   Location    Storage File                     
                ---------  ---------  ---------  --------- ---------                
                  DISPLAY   0x000009    program     extern C:\Users\Andres\Desktop\El resto\programa 05\display.asm
                  HEX2BCD   0x000111    program     extern C:\Users\Andres\Desktop\El resto\programa 05\hex2bsd.asm
                   INICIO   0x000065    program     static C:\Users\Andres\Desktop\El resto\programa 05\programa 05.asm
             INTERRUPCION   0x0000dc    program     static C:\Users\Andres\Desktop\El resto\programa 05\programa 05.asm
                    Paso3   0x000152    program     static C:\Users\Andres\Desktop\El resto\programa 05\hex2bsd.asm
                   Paso_2   0x000118    program     static C:\Users\Andres\Desktop\El resto\programa 05\hex2bsd.asm
                   SALIDA   0x00010a    program     static C:\Users\Andres\Desktop\El resto\programa 05\programa 05.asm
                Siguiente   0x00000f    program     static C:\Users\Andres\Desktop\El resto\programa 05\display.asm
                    Tabla   0x000053    program     static C:\Users\Andres\Desktop\El resto\programa 05\display.asm
              _.code_0009   0x000012    program     static C:\Users\Andres\Desktop\El resto\programa 05\display.asm
              _.code_000A   0x00011b    program     static C:\Users\Andres\Desktop\El resto\programa 05\hex2bsd.asm
              _.code_000B   0x00011c    program     static C:\Users\Andres\Desktop\El resto\programa 05\hex2bsd.asm
              _.code_000C   0x000015    program     static C:\Users\Andres\Desktop\El resto\programa 05\display.asm
              _.code_000D   0x00011e    program     static C:\Users\Andres\Desktop\El resto\programa 05\hex2bsd.asm
              _.code_0020   0x000131    program     static C:\Users\Andres\Desktop\El resto\programa 05\hex2bsd.asm
              _.code_0020   0x000029    program     static C:\Users\Andres\Desktop\El resto\programa 05\display.asm
              _.code_0021   0x000132    program     static C:\Users\Andres\Desktop\El resto\programa 05\hex2bsd.asm
              _.code_0023   0x000134    program     static C:\Users\Andres\Desktop\El resto\programa 05\hex2bsd.asm
              _.code_0024   0x00002d    program     static C:\Users\Andres\Desktop\El resto\programa 05\display.asm
              _.code_0026   0x00002f    program     static C:\Users\Andres\Desktop\El resto\programa 05\display.asm
              _.code_0028   0x000139    program     static C:\Users\Andres\Desktop\El resto\programa 05\hex2bsd.asm
              _.code_0029   0x00013a    program     static C:\Users\Andres\Desktop\El resto\programa 05\hex2bsd.asm
              _.code_002B   0x00013c    program     static C:\Users\Andres\Desktop\El resto\programa 05\hex2bsd.asm
              _.code_002D   0x000036    program     static C:\Users\Andres\Desktop\El resto\programa 05\display.asm
              _.code_002F   0x000140    program     static C:\Users\Andres\Desktop\El resto\programa 05\hex2bsd.asm
              _.code_0030   0x000141    program     static C:\Users\Andres\Desktop\El resto\programa 05\hex2bsd.asm
              _.code_0031   0x00003a    program     static C:\Users\Andres\Desktop\El resto\programa 05\display.asm
              _.code_0032   0x000143    program     static C:\Users\Andres\Desktop\El resto\programa 05\hex2bsd.asm
              _.code_0033   0x00003c    program     static C:\Users\Andres\Desktop\El resto\programa 05\display.asm
              _.code_003B   0x00014c    program     static C:\Users\Andres\Desktop\El resto\programa 05\hex2bsd.asm
              _.code_003C   0x000045    program     static C:\Users\Andres\Desktop\El resto\programa 05\display.asm
              _.code_003C   0x00014d    program     static C:\Users\Andres\Desktop\El resto\programa 05\hex2bsd.asm
              _.code_003E   0x000047    program     static C:\Users\Andres\Desktop\El resto\programa 05\display.asm
              _.code_003E   0x00014f    program     static C:\Users\Andres\Desktop\El resto\programa 05\hex2bsd.asm
              _.code_0045   0x000156    program     static C:\Users\Andres\Desktop\El resto\programa 05\hex2bsd.asm
                    bucle   0x0000a8    program     static C:\Users\Andres\Desktop\El resto\programa 05\programa 05.asm
            ___savePCLATH   0x000024       data     static C:\Users\Andres\Desktop\El resto\programa 05\programa 05.asm
            ___saveSTATUS   0x000023       data     static C:\Users\Andres\Desktop\El resto\programa 05\programa 05.asm
                 ___saveW   0x000025       data     static C:\Users\Andres\Desktop\El resto\programa 05\programa 05.asm
                  barrido   0x000022       data     static C:\Users\Andres\Desktop\El resto\programa 05\display.asm
                 contador   0x00002a       data     static C:\Users\Andres\Desktop\El resto\programa 05\hex2bsd.asm
                   digito   0x000021       data     static C:\Users\Andres\Desktop\El resto\programa 05\display.asm
                    horas   0x000029       data     static C:\Users\Andres\Desktop\El resto\programa 05\programa 05.asm
                   indice   0x000020       data     static C:\Users\Andres\Desktop\El resto\programa 05\display.asm
             milisegundos   0x000026       data     static C:\Users\Andres\Desktop\El resto\programa 05\programa 05.asm
                  minutos   0x000028       data     static C:\Users\Andres\Desktop\El resto\programa 05\programa 05.asm
                 segundos   0x000027       data     static C:\Users\Andres\Desktop\El resto\programa 05\programa 05.asm



                              Symbols - Sorted by Address
                     Name    Address   Location    Storage File                     
                ---------  ---------  ---------  --------- ---------                
                  DISPLAY   0x000009    program     extern C:\Users\Andres\Desktop\El resto\programa 05\display.asm
                Siguiente   0x00000f    program     static C:\Users\Andres\Desktop\El resto\programa 05\display.asm
              _.code_0009   0x000012    program     static C:\Users\Andres\Desktop\El resto\programa 05\display.asm
              _.code_000C   0x000015    program     static C:\Users\Andres\Desktop\El resto\programa 05\display.asm
              _.code_0020   0x000029    program     static C:\Users\Andres\Desktop\El resto\programa 05\display.asm
              _.code_0024   0x00002d    program     static C:\Users\Andres\Desktop\El resto\programa 05\display.asm
              _.code_0026   0x00002f    program     static C:\Users\Andres\Desktop\El resto\programa 05\display.asm
              _.code_002D   0x000036    program     static C:\Users\Andres\Desktop\El resto\programa 05\display.asm
              _.code_0031   0x00003a    program     static C:\Users\Andres\Desktop\El resto\programa 05\display.asm
              _.code_0033   0x00003c    program     static C:\Users\Andres\Desktop\El resto\programa 05\display.asm
              _.code_003C   0x000045    program     static C:\Users\Andres\Desktop\El resto\programa 05\display.asm
              _.code_003E   0x000047    program     static C:\Users\Andres\Desktop\El resto\programa 05\display.asm
                    Tabla   0x000053    program     static C:\Users\Andres\Desktop\El resto\programa 05\display.asm
                   INICIO   0x000065    program     static C:\Users\Andres\Desktop\El resto\programa 05\programa 05.asm
                    bucle   0x0000a8    program     static C:\Users\Andres\Desktop\El resto\programa 05\programa 05.asm
             INTERRUPCION   0x0000dc    program     static C:\Users\Andres\Desktop\El resto\programa 05\programa 05.asm
                   SALIDA   0x00010a    program     static C:\Users\Andres\Desktop\El resto\programa 05\programa 05.asm
                  HEX2BCD   0x000111    program     extern C:\Users\Andres\Desktop\El resto\programa 05\hex2bsd.asm
                   Paso_2   0x000118    program     static C:\Users\Andres\Desktop\El resto\programa 05\hex2bsd.asm
              _.code_000A   0x00011b    program     static C:\Users\Andres\Desktop\El resto\programa 05\hex2bsd.asm
              _.code_000B   0x00011c    program     static C:\Users\Andres\Desktop\El resto\programa 05\hex2bsd.asm
              _.code_000D   0x00011e    program     static C:\Users\Andres\Desktop\El resto\programa 05\hex2bsd.asm
              _.code_0020   0x000131    program     static C:\Users\Andres\Desktop\El resto\programa 05\hex2bsd.asm
              _.code_0021   0x000132    program     static C:\Users\Andres\Desktop\El resto\programa 05\hex2bsd.asm
              _.code_0023   0x000134    program     static C:\Users\Andres\Desktop\El resto\programa 05\hex2bsd.asm
              _.code_0028   0x000139    program     static C:\Users\Andres\Desktop\El resto\programa 05\hex2bsd.asm
              _.code_0029   0x00013a    program     static C:\Users\Andres\Desktop\El resto\programa 05\hex2bsd.asm
              _.code_002B   0x00013c    program     static C:\Users\Andres\Desktop\El resto\programa 05\hex2bsd.asm
              _.code_002F   0x000140    program     static C:\Users\Andres\Desktop\El resto\programa 05\hex2bsd.asm
              _.code_0030   0x000141    program     static C:\Users\Andres\Desktop\El resto\programa 05\hex2bsd.asm
              _.code_0032   0x000143    program     static C:\Users\Andres\Desktop\El resto\programa 05\hex2bsd.asm
              _.code_003B   0x00014c    program     static C:\Users\Andres\Desktop\El resto\programa 05\hex2bsd.asm
              _.code_003C   0x00014d    program     static C:\Users\Andres\Desktop\El resto\programa 05\hex2bsd.asm
              _.code_003E   0x00014f    program     static C:\Users\Andres\Desktop\El resto\programa 05\hex2bsd.asm
                    Paso3   0x000152    program     static C:\Users\Andres\Desktop\El resto\programa 05\hex2bsd.asm
              _.code_0045   0x000156    program     static C:\Users\Andres\Desktop\El resto\programa 05\hex2bsd.asm
                   indice   0x000020       data     static C:\Users\Andres\Desktop\El resto\programa 05\display.asm
                   digito   0x000021       data     static C:\Users\Andres\Desktop\El resto\programa 05\display.asm
                  barrido   0x000022       data     static C:\Users\Andres\Desktop\El resto\programa 05\display.asm
            ___saveSTATUS   0x000023       data     static C:\Users\Andres\Desktop\El resto\programa 05\programa 05.asm
            ___savePCLATH   0x000024       data     static C:\Users\Andres\Desktop\El resto\programa 05\programa 05.asm
                 ___saveW   0x000025       data     static C:\Users\Andres\Desktop\El resto\programa 05\programa 05.asm
             milisegundos   0x000026       data     static C:\Users\Andres\Desktop\El resto\programa 05\programa 05.asm
                 segundos   0x000027       data     static C:\Users\Andres\Desktop\El resto\programa 05\programa 05.asm
                  minutos   0x000028       data     static C:\Users\Andres\Desktop\El resto\programa 05\programa 05.asm
                    horas   0x000029       data     static C:\Users\Andres\Desktop\El resto\programa 05\programa 05.asm
                 contador   0x00002a       data     static C:\Users\Andres\Desktop\El resto\programa 05\hex2bsd.asm


