MPLINK 4.49, Linker
Linker Map File - Created Tue Mar 15 10:20:19 2016

                                 Section Info
                  Section       Type    Address   Location Size(Bytes)
                ---------  ---------  ---------  ---------  ---------
                VEC_RESET       code   0x000000    program   0x000006
                  VEC_INT       code   0x000004    program   0x000006
                   .cinit    romdata   0x000007    program   0x000004
                    .code       code   0x000009    program   0x0000d6
                   .udata      udata   0x000020       data   0x000006



                              Program Memory Usage 
                               Start         End      
                           ---------   ---------      
                            0x000000    0x000002      
                            0x000004    0x000073      
            115 out of 8454 program addresses used, program memory utilization is 1%



                              Symbols - Sorted by Name
                     Name    Address   Location    Storage File                     
                ---------  ---------  ---------  --------- ---------                
                  DISPLAY   0x000036    program     extern C:\Users\Remigio Guevara\Dropbox\materias\microcontroladores de gama alta\compartir mar 2016 ago 2016\clase\programa 02\display.asm
                   INICIO   0x000009    program     static C:\Users\Remigio Guevara\Dropbox\materias\microcontroladores de gama alta\compartir mar 2016 ago 2016\clase\programa 02\programa 02_a.asm
             INTERRUPCION   0x000028    program     static C:\Users\Remigio Guevara\Dropbox\materias\microcontroladores de gama alta\compartir mar 2016 ago 2016\clase\programa 02\programa 02_a.asm
                   SALIDA   0x00002f    program     static C:\Users\Remigio Guevara\Dropbox\materias\microcontroladores de gama alta\compartir mar 2016 ago 2016\clase\programa 02\programa 02_a.asm
                Siguiente   0x00003e    program     static C:\Users\Remigio Guevara\Dropbox\materias\microcontroladores de gama alta\compartir mar 2016 ago 2016\clase\programa 02\display.asm
                    Tabla   0x000068    program     static C:\Users\Remigio Guevara\Dropbox\materias\microcontroladores de gama alta\compartir mar 2016 ago 2016\clase\programa 02\display.asm
              _.code_000B   0x000041    program     static C:\Users\Remigio Guevara\Dropbox\materias\microcontroladores de gama alta\compartir mar 2016 ago 2016\clase\programa 02\display.asm
              _.code_000E   0x000044    program     static C:\Users\Remigio Guevara\Dropbox\materias\microcontroladores de gama alta\compartir mar 2016 ago 2016\clase\programa 02\display.asm
              _.code_0024   0x00005a    program     static C:\Users\Remigio Guevara\Dropbox\materias\microcontroladores de gama alta\compartir mar 2016 ago 2016\clase\programa 02\display.asm
              _.code_0026   0x00005c    program     static C:\Users\Remigio Guevara\Dropbox\materias\microcontroladores de gama alta\compartir mar 2016 ago 2016\clase\programa 02\display.asm
                    bucle   0x000024    program     static C:\Users\Remigio Guevara\Dropbox\materias\microcontroladores de gama alta\compartir mar 2016 ago 2016\clase\programa 02\programa 02_a.asm
            ___savePCLATH   0x000021       data     static C:\Users\Remigio Guevara\Dropbox\materias\microcontroladores de gama alta\compartir mar 2016 ago 2016\clase\programa 02\programa 02_a.asm
            ___saveSTATUS   0x000020       data     static C:\Users\Remigio Guevara\Dropbox\materias\microcontroladores de gama alta\compartir mar 2016 ago 2016\clase\programa 02\programa 02_a.asm
                 ___saveW   0x000022       data     static C:\Users\Remigio Guevara\Dropbox\materias\microcontroladores de gama alta\compartir mar 2016 ago 2016\clase\programa 02\programa 02_a.asm
                  barrido   0x000025       data     static C:\Users\Remigio Guevara\Dropbox\materias\microcontroladores de gama alta\compartir mar 2016 ago 2016\clase\programa 02\display.asm
                   digito   0x000024       data     static C:\Users\Remigio Guevara\Dropbox\materias\microcontroladores de gama alta\compartir mar 2016 ago 2016\clase\programa 02\display.asm
                   indice   0x000023       data     static C:\Users\Remigio Guevara\Dropbox\materias\microcontroladores de gama alta\compartir mar 2016 ago 2016\clase\programa 02\display.asm



                              Symbols - Sorted by Address
                     Name    Address   Location    Storage File                     
                ---------  ---------  ---------  --------- ---------                
                   INICIO   0x000009    program     static C:\Users\Remigio Guevara\Dropbox\materias\microcontroladores de gama alta\compartir mar 2016 ago 2016\clase\programa 02\programa 02_a.asm
                    bucle   0x000024    program     static C:\Users\Remigio Guevara\Dropbox\materias\microcontroladores de gama alta\compartir mar 2016 ago 2016\clase\programa 02\programa 02_a.asm
             INTERRUPCION   0x000028    program     static C:\Users\Remigio Guevara\Dropbox\materias\microcontroladores de gama alta\compartir mar 2016 ago 2016\clase\programa 02\programa 02_a.asm
                   SALIDA   0x00002f    program     static C:\Users\Remigio Guevara\Dropbox\materias\microcontroladores de gama alta\compartir mar 2016 ago 2016\clase\programa 02\programa 02_a.asm
                  DISPLAY   0x000036    program     extern C:\Users\Remigio Guevara\Dropbox\materias\microcontroladores de gama alta\compartir mar 2016 ago 2016\clase\programa 02\display.asm
                Siguiente   0x00003e    program     static C:\Users\Remigio Guevara\Dropbox\materias\microcontroladores de gama alta\compartir mar 2016 ago 2016\clase\programa 02\display.asm
              _.code_000B   0x000041    program     static C:\Users\Remigio Guevara\Dropbox\materias\microcontroladores de gama alta\compartir mar 2016 ago 2016\clase\programa 02\display.asm
              _.code_000E   0x000044    program     static C:\Users\Remigio Guevara\Dropbox\materias\microcontroladores de gama alta\compartir mar 2016 ago 2016\clase\programa 02\display.asm
              _.code_0024   0x00005a    program     static C:\Users\Remigio Guevara\Dropbox\materias\microcontroladores de gama alta\compartir mar 2016 ago 2016\clase\programa 02\display.asm
              _.code_0026   0x00005c    program     static C:\Users\Remigio Guevara\Dropbox\materias\microcontroladores de gama alta\compartir mar 2016 ago 2016\clase\programa 02\display.asm
                    Tabla   0x000068    program     static C:\Users\Remigio Guevara\Dropbox\materias\microcontroladores de gama alta\compartir mar 2016 ago 2016\clase\programa 02\display.asm
            ___saveSTATUS   0x000020       data     static C:\Users\Remigio Guevara\Dropbox\materias\microcontroladores de gama alta\compartir mar 2016 ago 2016\clase\programa 02\programa 02_a.asm
            ___savePCLATH   0x000021       data     static C:\Users\Remigio Guevara\Dropbox\materias\microcontroladores de gama alta\compartir mar 2016 ago 2016\clase\programa 02\programa 02_a.asm
                 ___saveW   0x000022       data     static C:\Users\Remigio Guevara\Dropbox\materias\microcontroladores de gama alta\compartir mar 2016 ago 2016\clase\programa 02\programa 02_a.asm
                   indice   0x000023       data     static C:\Users\Remigio Guevara\Dropbox\materias\microcontroladores de gama alta\compartir mar 2016 ago 2016\clase\programa 02\display.asm
                   digito   0x000024       data     static C:\Users\Remigio Guevara\Dropbox\materias\microcontroladores de gama alta\compartir mar 2016 ago 2016\clase\programa 02\display.asm
                  barrido   0x000025       data     static C:\Users\Remigio Guevara\Dropbox\materias\microcontroladores de gama alta\compartir mar 2016 ago 2016\clase\programa 02\display.asm


